// Jest Snapshot v1, https://goo.gl/fbAQLP

exports[`CloseButton renders correctly 1`] = `
<View
  accessibilityComponentType={undefined}
  accessibilityLabel={undefined}
  accessibilityTraits={undefined}
  accessible={true}
  hitSlop={undefined}
  nativeID={undefined}
  onLayout={undefined}
  onResponderGrant={[Function]}
  onResponderMove={[Function]}
  onResponderRelease={[Function]}
  onResponderTerminate={[Function]}
  onResponderTerminationRequest={[Function]}
  onStartShouldSetResponder={[Function]}
  style={
    Object {
      "position": "absolute",
      "right": 4,
    }
  }
  testID={undefined}
>
  <Image
    source={1}
    style={
      Object {
        "height": 24,
        "tintColor": "white",
        "width": 24,
      }
    }
  />
</View>
`;
