// Jest Snapshot v1, https://goo.gl/fbAQLP

exports[`InvisibleNavButtons renders correctly 1`] = `
<View
  style={
    Array [
      undefined,
      Object {
        "backgroundColor": "transparent",
        "left": 154,
        "position": "absolute",
        "top": 56,
      },
    ]
  }
>
  <View
    accessibilityComponentType={undefined}
    accessibilityLabel={undefined}
    accessibilityTraits={undefined}
    accessible={true}
    hitSlop={undefined}
    nativeID={undefined}
    onLayout={undefined}
    onResponderGrant={[Function]}
    onResponderMove={[Function]}
    onResponderRelease={[Function]}
    onResponderTerminate={[Function]}
    onResponderTerminationRequest={[Function]}
    onStartShouldSetResponder={[Function]}
    style={
      Object {
        "height": 48,
        "width": 144,
      }
    }
    testID={undefined}
  >
    <Text
      accessible={true}
      allowFontScaling={true}
      ellipsizeMode="tail"
      style={
        Array [
          Object {
            "color": "transparent",
            "flex": 1,
          },
          Object {
            "height": 48,
            "width": 144,
          },
        ]
      }
    />
  </View>
  <View
    accessibilityComponentType={undefined}
    accessibilityLabel={undefined}
    accessibilityTraits={undefined}
    accessible={true}
    hitSlop={undefined}
    nativeID={undefined}
    onLayout={undefined}
    onResponderGrant={[Function]}
    onResponderMove={[Function]}
    onResponderRelease={[Function]}
    onResponderTerminate={[Function]}
    onResponderTerminationRequest={[Function]}
    onStartShouldSetResponder={[Function]}
    style={
      Array [
        Object {
          "left": 214,
        },
        Object {
          "height": 48,
          "width": 144,
        },
      ]
    }
    testID={undefined}
  >
    <Text
      accessible={true}
      allowFontScaling={true}
      ellipsizeMode="tail"
      style={
        Array [
          Object {
            "color": "transparent",
            "flex": 1,
          },
          Object {
            "height": 48,
            "width": 144,
          },
        ]
      }
    />
  </View>
</View>
`;
