// Jest Snapshot v1, https://goo.gl/fbAQLP

exports[`ScheduleItemDetail renders correctly 1`] = `
<View
  style={
    Object {
      "alignItems": "flex-end",
      "flexDirection": "row",
      "justifyContent": "space-between",
      "marginTop": 32,
    }
  }
>
  <View
    style={
      Object {
        "flex": 1,
        "height": 32,
        "justifyContent": "space-between",
      }
    }
  >
    <Text
      accessible={true}
      allowFontScaling={true}
      ellipsizeMode="tail"
      style={
        Object {
          "color": "#424749",
          "fontSize": 12,
        }
      }
    >
      Arena
    </Text>
    <Text
      accessible={true}
      allowFontScaling={true}
      ellipsizeMode="tail"
      style={
        Object {
          "color": "#e54cfe",
          "fontSize": 12,
        }
      }
    >
      02:22 PM
    </Text>
  </View>
  <Image
    accessibilityComponentType={undefined}
    accessibilityLabel={undefined}
    accessibilityTraits={undefined}
    accessible={true}
    hitSlop={undefined}
    nativeID={undefined}
    onLayout={undefined}
    onResponderGrant={[Function]}
    onResponderMove={[Function]}
    onResponderRelease={[Function]}
    onResponderTerminate={[Function]}
    onResponderTerminationRequest={[Function]}
    onStartShouldSetResponder={[Function]}
    source={1}
    style={
      Object {
        "height": 20,
        "width": 20,
      }
    }
    testID={undefined}
  />
</View>
`;
